set_location_assignment PIN_A1 -to "DATA[0]"
set_location_assignment PIN_A2 -to "DATA[0](n)"
set_location_assignment PIN_A3 -to "DATA[1]"
set_location_assignment PIN_A4 -to "DATA[1](n)"
set_location_assignment PIN_A5 -to "DATA[2]"
set_location_assignment PIN_A6 -to "DATA[2](n)"
set_location_assignment PIN_A7 -to "DATA[3]"
set_location_assignment PIN_A8 -to "DATA[3](n)"
