set_location_assignment PIN_A1 -to "DATA[0]"
set_location_assignment PIN_A2 -to "DATA[1]"
set_location_assignment PIN_A3 -to "DATA[2]"
set_location_assignment PIN_A4 -to "DATA[3]"
