set_location_assignment PIN_AF2 -to "DATA"
set_location_assignment PIN_AE1 -to "DATA(n)"
